
> hr-management-frontend@1.0.0 build
> vite build

[36mvite v5.4.21 [32mbuilding for production...[36m[39m
transforming...
[32mΓ£ô[39m 6 modules transformed.
node.exe : 
[31mx[39m Build 
failed in 1.58s
At C:\Program Files\n
odejs\npm.ps1:29 
char:3
+   & $NODE_EXE 
$NPM_CLI_JS $args
+   ~~~~~~~~~~~~~~~~~
~~~~~~~~~~~~
    + CategoryInfo   
           : NotSpe  
  cified: ([31mx   
 [39m Build faile    
d in 1.58s:Strin    
g) [], RemoteExc    
eption
    + FullyQualified 
   ErrorId : Native  
  CommandError
 
[31merror during 
build:
[31m[vite:esbuild] 
Transform failed 
with 1 error:
D:/New/frontend/src/p
ages/AdminDashboard.j
sx:1441:4: ERROR: 
Unexpected 
"const"[31m
file: [36mD:/New/fro
ntend/src/pages/Admin
Dashboard.jsx:1441:4
[31m
[33m
[33mUnexpected 
"const"[33m
1439|    const render
LeaveApplications = 
() => {
1440|      // Sort 
by leave type
1441|      const 
sortedLeaves = [...le
aveApplications].sort
((a, b) => {
   |      ^
1442|        const 
typeOrder = 
{'planned': 1, 
'casual': 2, 'sick': 
3 };
1443|          
return 
(typeOrder[a.type] 
|| 99) - 
(typeOrder[b.type] 
|| 99);
[31m
    at 
failureErrorWithLog (
D:\New\frontend\node_
modules\esbuild\lib\m
ain.js:1472:15)
    at D:\New\fronten
d\node_modules\esbuil
d\lib\main.js:755:50
    at responseCallba
cks.<computed> (D:\Ne
w\frontend\node_modul
es\esbuild\lib\main.j
s:622:9)
    at 
handleIncomingPacket 
(D:\New\frontend\node
_modules\esbuild\lib\
main.js:677:12)
    at Socket.readFro
mStdout (D:\New\front
end\node_modules\esbu
ild\lib\main.js:600:7
)
    at Socket.emit 
(node:events:518:28)
    at addChunk (node
:internal/streams/rea
dable:561:12)
    at readableAddChu
nkPushByteMode (node:
internal/streams/read
able:512:3)
    at Readable.push 
(node:internal/stream
s/readable:392:5)
    at 
Pipe.onStreamRead (no
de:internal/stream_ba
se_commons:189:23)[3
9m
